2025-11-01 15:48:32 [main] INFO  c.techflow.application.Application - Starting Application v0.0.1-SNAPSHOT using Java 24 with PID 6248 (C:\Users\Alessandro\Documents\TechFlow\TechFlow - Copia\meuprojeto\target\techflow-0.0.1-SNAPSHOT.jar started by Alessandro in C:\Users\Alessandro\Documents\TechFlow\TechFlow - Copia\meuprojeto)
2025-11-01 15:48:32 [main] DEBUG c.techflow.application.Application - Running with Spring Boot v3.1.5, Spring v6.0.13
2025-11-01 15:48:32 [main] INFO  c.techflow.application.Application - The following 1 profile is active: "dev"
2025-11-01 15:48:33 [main] INFO  o.s.d.r.c.RepositoryConfigurationDelegate - Bootstrapping Spring Data JPA repositories in DEFAULT mode.
2025-11-01 15:48:34 [main] INFO  o.s.d.r.c.RepositoryConfigurationDelegate - Finished Spring Data repository scanning in 115 ms. Found 1 JPA repository interfaces.
2025-11-01 15:48:35 [main] INFO  o.s.b.w.e.tomcat.TomcatWebServer - Tomcat initialized with port(s): 8080 (http)
2025-11-01 15:48:35 [main] INFO  o.a.catalina.core.StandardService - Starting service [Tomcat]
2025-11-01 15:48:35 [main] INFO  o.a.catalina.core.StandardEngine - Starting Servlet engine: [Apache Tomcat/10.1.15]
2025-11-01 15:48:35 [main] INFO  o.a.c.c.C.[.[localhost].[/api] - Initializing Spring embedded WebApplicationContext
2025-11-01 15:48:35 [main] INFO  o.s.b.w.s.c.ServletWebServerApplicationContext - Root WebApplicationContext: initialization completed in 2670 ms
2025-11-01 15:48:35 [main] INFO  o.h.jpa.internal.util.LogHelper - HHH000204: Processing PersistenceUnitInfo [name: default]
2025-11-01 15:48:35 [main] INFO  org.hibernate.Version - HHH000412: Hibernate ORM core version 6.2.13.Final
2025-11-01 15:48:35 [main] INFO  org.hibernate.cfg.Environment - HHH000406: Using bytecode reflection optimizer
2025-11-01 15:48:36 [main] INFO  o.s.o.j.p.SpringPersistenceUnitInfo - No LoadTimeWeaver setup: ignoring JPA class transformer
2025-11-01 15:48:36 [main] INFO  com.zaxxer.hikari.HikariDataSource - HikariPool-1 - Starting...
2025-11-01 15:48:36 [main] INFO  com.zaxxer.hikari.pool.HikariPool - HikariPool-1 - Added connection org.sqlite.jdbc4.JDBC4Connection@126be319
2025-11-01 15:48:36 [main] INFO  com.zaxxer.hikari.HikariDataSource - HikariPool-1 - Start completed.
2025-11-01 15:48:37 [main] INFO  o.h.e.t.j.p.i.JtaPlatformInitiator - HHH000489: No JTA platform available (set 'hibernate.transaction.jta.platform' to enable JTA platform integration)
2025-11-01 15:48:37 [main] DEBUG org.hibernate.SQL - 
    drop table if exists parceiros
2025-11-01 15:48:37 [main] DEBUG org.hibernate.SQL - 
    create table parceiros (
        created_at timestamp,
        id_parceiro integer,
        updated_at timestamp,
        numero_telefone varchar(15) not null,
        nome_cliente varchar(100) not null,
        email varchar(255) not null unique,
        endereco varchar(255) not null,
        primary key (id_parceiro)
    )
2025-11-01 15:48:37 [main] DEBUG org.hibernate.SQL - 
    alter table parceiros 
       add constraint UK_q44ycerinogiv330ryvwr9von unique (email)
2025-11-01 15:48:37 [main] WARN  o.h.t.s.i.ExceptionHandlerLoggedImpl - GenerationTarget encountered exception accepting command : Error executing DDL "
    alter table parceiros 
       add constraint UK_q44ycerinogiv330ryvwr9von unique (email)" via JDBC [[SQLITE_ERROR] SQL error or missing database (near "constraint": syntax error)]
org.hibernate.tool.schema.spi.CommandAcceptanceException: Error executing DDL "
    alter table parceiros 
       add constraint UK_q44ycerinogiv330ryvwr9von unique (email)" via JDBC [[SQLITE_ERROR] SQL error or missing database (near "constraint": syntax error)]
	at org.hibernate.tool.schema.internal.exec.GenerationTargetToDatabase.accept(GenerationTargetToDatabase.java:94)
	at org.hibernate.tool.schema.internal.Helper.applySqlString(Helper.java:233)
	at org.hibernate.tool.schema.internal.Helper.applySqlStrings(Helper.java:217)
	at org.hibernate.tool.schema.internal.SchemaCreatorImpl.createTableConstraints(SchemaCreatorImpl.java:393)
	at org.hibernate.tool.schema.internal.SchemaCreatorImpl.createSequencesTablesConstraints(SchemaCreatorImpl.java:351)
	at org.hibernate.tool.schema.internal.SchemaCreatorImpl.createFromMetadata(SchemaCreatorImpl.java:239)
	at org.hibernate.tool.schema.internal.SchemaCreatorImpl.performCreation(SchemaCreatorImpl.java:172)
	at org.hibernate.tool.schema.internal.SchemaCreatorImpl.doCreation(SchemaCreatorImpl.java:142)
	at org.hibernate.tool.schema.internal.SchemaCreatorImpl.doCreation(SchemaCreatorImpl.java:118)
	at org.hibernate.tool.schema.spi.SchemaManagementToolCoordinator.performDatabaseAction(SchemaManagementToolCoordinator.java:254)
	at org.hibernate.tool.schema.spi.SchemaManagementToolCoordinator.lambda$process$5(SchemaManagementToolCoordinator.java:143)
	at java.base/java.util.HashMap.forEach(HashMap.java:1430)
	at org.hibernate.tool.schema.spi.SchemaManagementToolCoordinator.process(SchemaManagementToolCoordinator.java:140)
	at org.hibernate.boot.internal.SessionFactoryObserverForSchemaExport.sessionFactoryCreated(SessionFactoryObserverForSchemaExport.java:37)
	at org.hibernate.internal.SessionFactoryObserverChain.sessionFactoryCreated(SessionFactoryObserverChain.java:35)
	at org.hibernate.internal.SessionFactoryImpl.<init>(SessionFactoryImpl.java:293)
	at org.hibernate.boot.internal.SessionFactoryBuilderImpl.build(SessionFactoryBuilderImpl.java:444)
	at org.hibernate.jpa.boot.internal.EntityManagerFactoryBuilderImpl.build(EntityManagerFactoryBuilderImpl.java:1458)
	at org.springframework.orm.jpa.vendor.SpringHibernateJpaPersistenceProvider.createContainerEntityManagerFactory(SpringHibernateJpaPersistenceProvider.java:75)
	at org.springframework.orm.jpa.LocalContainerEntityManagerFactoryBean.createNativeEntityManagerFactory(LocalContainerEntityManagerFactoryBean.java:376)
	at org.springframework.orm.jpa.AbstractEntityManagerFactoryBean.buildNativeEntityManagerFactory(AbstractEntityManagerFactoryBean.java:409)
	at org.springframework.orm.jpa.AbstractEntityManagerFactoryBean.afterPropertiesSet(AbstractEntityManagerFactoryBean.java:396)
	at org.springframework.orm.jpa.LocalContainerEntityManagerFactoryBean.afterPropertiesSet(LocalContainerEntityManagerFactoryBean.java:352)
	at org.springframework.beans.factory.support.AbstractAutowireCapableBeanFactory.invokeInitMethods(AbstractAutowireCapableBeanFactory.java:1817)
	at org.springframework.beans.factory.support.AbstractAutowireCapableBeanFactory.initializeBean(AbstractAutowireCapableBeanFactory.java:1766)
	at org.springframework.beans.factory.support.AbstractAutowireCapableBeanFactory.doCreateBean(AbstractAutowireCapableBeanFactory.java:598)
	at org.springframework.beans.factory.support.AbstractAutowireCapableBeanFactory.createBean(AbstractAutowireCapableBeanFactory.java:520)
	at org.springframework.beans.factory.support.AbstractBeanFactory.lambda$doGetBean$0(AbstractBeanFactory.java:325)
	at org.springframework.beans.factory.support.DefaultSingletonBeanRegistry.getSingleton(DefaultSingletonBeanRegistry.java:234)
	at org.springframework.beans.factory.support.AbstractBeanFactory.doGetBean(AbstractBeanFactory.java:323)
	at org.springframework.beans.factory.support.AbstractBeanFactory.getBean(AbstractBeanFactory.java:199)
	at org.springframework.context.support.AbstractApplicationContext.getBean(AbstractApplicationContext.java:1166)
	at org.springframework.context.support.AbstractApplicationContext.finishBeanFactoryInitialization(AbstractApplicationContext.java:940)
	at org.springframework.context.support.AbstractApplicationContext.refresh(AbstractApplicationContext.java:616)
	at org.springframework.boot.web.servlet.context.ServletWebServerApplicationContext.refresh(ServletWebServerApplicationContext.java:146)
	at org.springframework.boot.SpringApplication.refresh(SpringApplication.java:738)
	at org.springframework.boot.SpringApplication.refreshContext(SpringApplication.java:440)
	at org.springframework.boot.SpringApplication.run(SpringApplication.java:316)
	at org.springframework.boot.SpringApplication.run(SpringApplication.java:1306)
	at org.springframework.boot.SpringApplication.run(SpringApplication.java:1295)
	at com.techflow.application.Application.main(Application.java:10)
	at java.base/jdk.internal.reflect.DirectMethodHandleAccessor.invoke(DirectMethodHandleAccessor.java:104)
	at java.base/java.lang.reflect.Method.invoke(Method.java:565)
	at org.springframework.boot.loader.MainMethodRunner.run(MainMethodRunner.java:49)
	at org.springframework.boot.loader.Launcher.launch(Launcher.java:95)
	at org.springframework.boot.loader.Launcher.launch(Launcher.java:58)
	at org.springframework.boot.loader.JarLauncher.main(JarLauncher.java:65)
Caused by: org.sqlite.SQLiteException: [SQLITE_ERROR] SQL error or missing database (near "constraint": syntax error)
	at org.sqlite.core.DB.newSQLException(DB.java:1179)
	at org.sqlite.core.DB.newSQLException(DB.java:1190)
	at org.sqlite.core.DB.throwex(DB.java:1150)
	at org.sqlite.core.NativeDB.prepare_utf8(Native Method)
	at org.sqlite.core.NativeDB.prepare(NativeDB.java:132)
	at org.sqlite.core.DB.prepare(DB.java:264)
	at org.sqlite.jdbc3.JDBC3Statement.lambda$execute$0(JDBC3Statement.java:53)
	at org.sqlite.jdbc3.JDBC3Statement.withConnectionTimeout(JDBC3Statement.java:459)
	at org.sqlite.jdbc3.JDBC3Statement.execute(JDBC3Statement.java:42)
	at com.zaxxer.hikari.pool.ProxyStatement.execute(ProxyStatement.java:94)
	at com.zaxxer.hikari.pool.HikariProxyStatement.execute(HikariProxyStatement.java)
	at org.hibernate.tool.schema.internal.exec.GenerationTargetToDatabase.accept(GenerationTargetToDatabase.java:80)
	... 46 common frames omitted
2025-11-01 15:48:37 [main] INFO  o.s.o.j.LocalContainerEntityManagerFactoryBean - Initialized JPA EntityManagerFactory for persistence unit 'default'
2025-11-01 15:48:38 [main] INFO  o.s.d.j.r.query.QueryEnhancerFactory - Hibernate is in classpath; If applicable, HQL parser will be used.
2025-11-01 15:48:39 [main] WARN  o.s.b.a.o.j.JpaBaseConfiguration$JpaWebConfiguration - spring.jpa.open-in-view is enabled by default. Therefore, database queries may be performed during view rendering. Explicitly configure spring.jpa.open-in-view to disable this warning
2025-11-01 15:48:39 [main] WARN  o.s.b.a.s.s.UserDetailsServiceAutoConfiguration - 

Using generated security password: 7c05e9c2-f7fc-4f84-b2c8-f94a7425e560

This generated password is for development use only. Your security configuration must be updated before running your application in production.

2025-11-01 15:48:39 [main] INFO  o.s.s.web.DefaultSecurityFilterChain - Will secure any request with [org.springframework.security.web.session.DisableEncodeUrlFilter@68e24e7, org.springframework.security.web.context.request.async.WebAsyncManagerIntegrationFilter@c732e1c, org.springframework.security.web.context.SecurityContextHolderFilter@6ef1c3f7, org.springframework.security.web.header.HeaderWriterFilter@506aa618, org.springframework.web.filter.CorsFilter@6aad919c, org.springframework.security.web.authentication.logout.LogoutFilter@2b3f7704, org.springframework.security.web.savedrequest.RequestCacheAwareFilter@1322b575, org.springframework.security.web.servletapi.SecurityContextHolderAwareRequestFilter@d504137, org.springframework.security.web.authentication.AnonymousAuthenticationFilter@56c42964, org.springframework.security.web.session.SessionManagementFilter@adafe19, org.springframework.security.web.access.ExceptionTranslationFilter@7e050be1, org.springframework.security.web.access.intercept.AuthorizationFilter@645dc557]
2025-11-01 15:48:40 [main] INFO  o.s.b.w.e.tomcat.TomcatWebServer - Tomcat started on port(s): 8080 (http) with context path '/api'
2025-11-01 15:48:40 [main] INFO  c.techflow.application.Application - Started Application in 8.331 seconds (process running for 9.091)
2025-11-01 15:49:08 [http-nio-8080-exec-1] INFO  o.a.c.c.C.[.[localhost].[/api] - Initializing Spring DispatcherServlet 'dispatcherServlet'
2025-11-01 15:49:08 [http-nio-8080-exec-1] INFO  o.s.web.servlet.DispatcherServlet - Initializing Servlet 'dispatcherServlet'
2025-11-01 15:49:08 [http-nio-8080-exec-1] INFO  o.s.web.servlet.DispatcherServlet - Completed initialization in 0 ms
2025-11-01 15:49:08 [http-nio-8080-exec-1] DEBUG o.s.security.web.FilterChainProxy - Securing GET /parceiros
2025-11-01 15:49:08 [http-nio-8080-exec-1] DEBUG o.s.s.w.a.AnonymousAuthenticationFilter - Set SecurityContextHolder to anonymous SecurityContext
2025-11-01 15:49:08 [http-nio-8080-exec-1] DEBUG o.s.security.web.FilterChainProxy - Secured GET /parceiros
2025-11-01 15:49:08 [http-nio-8080-exec-1] DEBUG org.hibernate.SQL - 
    select
        p1_0.id_parceiro,
        p1_0.created_at,
        p1_0.email,
        p1_0.endereco,
        p1_0.nome_cliente,
        p1_0.numero_telefone,
        p1_0.updated_at 
    from
        parceiros p1_0
2025-11-01 15:50:36 [http-nio-8080-exec-3] DEBUG o.s.security.web.FilterChainProxy - Securing GET /parceiros
2025-11-01 15:50:36 [http-nio-8080-exec-3] DEBUG o.s.s.w.a.AnonymousAuthenticationFilter - Set SecurityContextHolder to anonymous SecurityContext
2025-11-01 15:50:36 [http-nio-8080-exec-3] DEBUG o.s.security.web.FilterChainProxy - Secured GET /parceiros
2025-11-01 15:50:36 [http-nio-8080-exec-3] DEBUG org.hibernate.SQL - 
    select
        p1_0.id_parceiro,
        p1_0.created_at,
        p1_0.email,
        p1_0.endereco,
        p1_0.nome_cliente,
        p1_0.numero_telefone,
        p1_0.updated_at 
    from
        parceiros p1_0
2025-11-01 15:54:15 [http-nio-8080-exec-7] DEBUG o.s.security.web.FilterChainProxy - Securing GET /parceiros
2025-11-01 15:54:15 [http-nio-8080-exec-7] DEBUG o.s.s.w.a.AnonymousAuthenticationFilter - Set SecurityContextHolder to anonymous SecurityContext
2025-11-01 15:54:15 [http-nio-8080-exec-7] DEBUG o.s.security.web.FilterChainProxy - Secured GET /parceiros
2025-11-01 15:54:15 [http-nio-8080-exec-7] DEBUG org.hibernate.SQL - 
    select
        p1_0.id_parceiro,
        p1_0.created_at,
        p1_0.email,
        p1_0.endereco,
        p1_0.nome_cliente,
        p1_0.numero_telefone,
        p1_0.updated_at 
    from
        parceiros p1_0
2025-11-01 16:03:12 [main] INFO  c.techflow.application.Application - Starting Application v0.0.1-SNAPSHOT using Java 24 with PID 11676 (C:\Users\Alessandro\Documents\TechFlow\TechFlow - Copia\meuprojeto\target\techflow-0.0.1-SNAPSHOT.jar started by Alessandro in C:\Users\Alessandro\Documents\TechFlow\TechFlow - Copia\meuprojeto)
2025-11-01 16:03:12 [main] DEBUG c.techflow.application.Application - Running with Spring Boot v3.1.5, Spring v6.0.13
2025-11-01 16:03:12 [main] INFO  c.techflow.application.Application - The following 1 profile is active: "dev"
2025-11-01 16:03:13 [main] INFO  o.s.d.r.c.RepositoryConfigurationDelegate - Bootstrapping Spring Data JPA repositories in DEFAULT mode.
2025-11-01 16:03:13 [main] INFO  o.s.d.r.c.RepositoryConfigurationDelegate - Finished Spring Data repository scanning in 106 ms. Found 1 JPA repository interfaces.
2025-11-01 16:03:14 [main] INFO  o.s.b.w.e.tomcat.TomcatWebServer - Tomcat initialized with port(s): 8080 (http)
2025-11-01 16:03:14 [main] INFO  o.a.catalina.core.StandardService - Starting service [Tomcat]
2025-11-01 16:03:14 [main] INFO  o.a.catalina.core.StandardEngine - Starting Servlet engine: [Apache Tomcat/10.1.15]
2025-11-01 16:03:14 [main] INFO  o.a.c.c.C.[.[localhost].[/api] - Initializing Spring embedded WebApplicationContext
2025-11-01 16:03:14 [main] INFO  o.s.b.w.s.c.ServletWebServerApplicationContext - Root WebApplicationContext: initialization completed in 2238 ms
2025-11-01 16:03:14 [main] INFO  o.h.jpa.internal.util.LogHelper - HHH000204: Processing PersistenceUnitInfo [name: default]
2025-11-01 16:03:14 [main] INFO  org.hibernate.Version - HHH000412: Hibernate ORM core version 6.2.13.Final
2025-11-01 16:03:14 [main] INFO  org.hibernate.cfg.Environment - HHH000406: Using bytecode reflection optimizer
2025-11-01 16:03:15 [main] INFO  o.s.o.j.p.SpringPersistenceUnitInfo - No LoadTimeWeaver setup: ignoring JPA class transformer
2025-11-01 16:03:15 [main] INFO  com.zaxxer.hikari.HikariDataSource - HikariPool-1 - Starting...
2025-11-01 16:03:15 [main] INFO  com.zaxxer.hikari.pool.HikariPool - HikariPool-1 - Added connection org.sqlite.jdbc4.JDBC4Connection@d4ab71a
2025-11-01 16:03:15 [main] INFO  com.zaxxer.hikari.HikariDataSource - HikariPool-1 - Start completed.
2025-11-01 16:03:16 [main] INFO  o.h.e.t.j.p.i.JtaPlatformInitiator - HHH000489: No JTA platform available (set 'hibernate.transaction.jta.platform' to enable JTA platform integration)
2025-11-01 16:03:16 [main] INFO  o.s.o.j.LocalContainerEntityManagerFactoryBean - Initialized JPA EntityManagerFactory for persistence unit 'default'
2025-11-01 16:03:16 [main] INFO  o.s.d.j.r.query.QueryEnhancerFactory - Hibernate is in classpath; If applicable, HQL parser will be used.
2025-11-01 16:03:17 [main] WARN  o.s.b.a.o.j.JpaBaseConfiguration$JpaWebConfiguration - spring.jpa.open-in-view is enabled by default. Therefore, database queries may be performed during view rendering. Explicitly configure spring.jpa.open-in-view to disable this warning
2025-11-01 16:03:17 [main] WARN  o.s.b.a.s.s.UserDetailsServiceAutoConfiguration - 

Using generated security password: 262c03de-a1d6-4d79-a635-d8e21b6409d3

This generated password is for development use only. Your security configuration must be updated before running your application in production.

2025-11-01 16:03:18 [main] INFO  o.s.s.web.DefaultSecurityFilterChain - Will secure any request with [org.springframework.security.web.session.DisableEncodeUrlFilter@60a01cb, org.springframework.security.web.context.request.async.WebAsyncManagerIntegrationFilter@4efb13f1, org.springframework.security.web.context.SecurityContextHolderFilter@4c6bba7d, org.springframework.security.web.header.HeaderWriterFilter@8432469, org.springframework.web.filter.CorsFilter@7bb4ed71, org.springframework.security.web.authentication.logout.LogoutFilter@6aad919c, org.springframework.security.web.savedrequest.RequestCacheAwareFilter@2ae5bd34, org.springframework.security.web.servletapi.SecurityContextHolderAwareRequestFilter@3a16984c, org.springframework.security.web.authentication.AnonymousAuthenticationFilter@5112b7, org.springframework.security.web.session.SessionManagementFilter@7eee6c13, org.springframework.security.web.access.ExceptionTranslationFilter@6dded900, org.springframework.security.web.access.intercept.AuthorizationFilter@5563bb40]
2025-11-01 16:03:18 [main] INFO  o.s.b.w.e.tomcat.TomcatWebServer - Tomcat started on port(s): 8080 (http) with context path '/api'
2025-11-01 16:03:18 [main] INFO  c.techflow.application.Application - Started Application in 6.924 seconds (process running for 7.722)
2025-11-01 16:03:56 [http-nio-8080-exec-1] INFO  o.a.c.c.C.[.[localhost].[/api] - Initializing Spring DispatcherServlet 'dispatcherServlet'
2025-11-01 16:03:56 [http-nio-8080-exec-1] INFO  o.s.web.servlet.DispatcherServlet - Initializing Servlet 'dispatcherServlet'
2025-11-01 16:03:56 [http-nio-8080-exec-1] INFO  o.s.web.servlet.DispatcherServlet - Completed initialization in 4 ms
2025-11-01 16:03:56 [http-nio-8080-exec-1] DEBUG o.s.security.web.FilterChainProxy - Securing GET /parceiros
2025-11-01 16:03:56 [http-nio-8080-exec-1] DEBUG o.s.s.w.a.AnonymousAuthenticationFilter - Set SecurityContextHolder to anonymous SecurityContext
2025-11-01 16:03:56 [http-nio-8080-exec-1] DEBUG o.s.security.web.FilterChainProxy - Secured GET /parceiros
2025-11-01 16:03:56 [http-nio-8080-exec-1] DEBUG org.hibernate.SQL - 
    select
        p1_0.id_parceiro,
        p1_0.created_at,
        p1_0.email,
        p1_0.endereco,
        p1_0.nome_cliente,
        p1_0.numero_telefone,
        p1_0.updated_at 
    from
        parceiros p1_0
2025-11-01 16:05:11 [http-nio-8080-exec-6] DEBUG o.s.security.web.FilterChainProxy - Securing GET /parceiros
2025-11-01 16:05:11 [http-nio-8080-exec-6] DEBUG o.s.s.w.a.AnonymousAuthenticationFilter - Set SecurityContextHolder to anonymous SecurityContext
2025-11-01 16:05:11 [http-nio-8080-exec-6] DEBUG o.s.security.web.FilterChainProxy - Secured GET /parceiros
2025-11-01 16:05:11 [http-nio-8080-exec-6] DEBUG org.hibernate.SQL - 
    select
        p1_0.id_parceiro,
        p1_0.created_at,
        p1_0.email,
        p1_0.endereco,
        p1_0.nome_cliente,
        p1_0.numero_telefone,
        p1_0.updated_at 
    from
        parceiros p1_0
